// Jest Snapshot v1, https://goo.gl/fbAQLP

exports[`DialogContainer renders correctly 1`] = `<DocumentFragment />`;
