// Jest Snapshot v1, https://goo.gl/fbAQLP

exports[`CardContainer renders correctly 1`] = `
<DocumentFragment>
  <div
    class="_28vIk _2bGnb _2Xmdp _1SFBz _12WTq makeStyles-card-1"
  >
    <div
      aria-valuemax="100"
      aria-valuemin="0"
      aria-valuenow="0"
      class="_2M5iY _20rTC "
      role="progressbar"
      style="height: 4px; border-radius: 8px;"
    >
      <div
        class="_1wWaA _1PN0w"
        style="border-radius: 8px;"
      >
        <div
          class="_29wbC _2wIvQ"
          id="_07040_"
          style="width: 100%; height: 4px; border-radius: 8px;"
        />
      </div>
    </div>
    <div
      class="_2So3v _2uw1B "
    />
    <div>
      mock
    </div>
  </div>
</DocumentFragment>
`;
